MPASM  5.35                         FINAL.ASM   11-22-2019  14:21:54         PAGE  1


LOC  OBJECT CODE     LINE SOURCE TEXT
  VALUE

                      00001 ;Projeto Final
Warning[205]: Found directive in column 1. (LIST)
                      00002 LIST   P=PIC16F628A
Warning[205]: Found directive in column 1. (RADIX)
                      00003 RADIX DEC       
                      00004 #INCLUDE <P16F628A.INC>
                      00001         LIST
                      00002 ; P16F628A.INC  Standard Header File, Version 1.10    Microchip Technology, Inc.
                      00265         LIST
                      00266 
2007   3F10           00005         __CONFIG _INTRC_OSC_NOCLKOUT & _WDT_OFF & _PWRTE_ON & _BODEN_OFF & _LVP_OFF & _CP_OFF & _MCLRE_O
                            FF & _DATA_CP_OFF 
                      00006         ;ou __CONFIG H'3F10'
                      00007         #DEFINE BANK0 BCF STATUS,RP0;SETA BANK 0 DE MEMÓRIA
                      00008         #DEFINE BANK1 BSF STATUS,RP0;SETA BANK 1 DE MAMÓRIA
                      00009         CBLOCK  0x20    ;ENDEREÇO INICIAL DA MEMORIA DE
                      00010                                         ;USUÁRIO
  00000020            00011         CONTADOR1
  00000021            00012         CONTADOR2
  00000022            00013         CONTADOR3
  00000023            00014         CONTADOR4
  00000024            00015         CONTADOR5
                      00016         ENDC ;FIM DO BLOCO DE MEMORIA
                      00017         #DEFINE BTN  PORTA,2  ;PORTA DO BOTÃO ;0=>PRESSIONADO
                      00018                                                                                   ;1=>LIBERADO
                      00019         #DEFINE VERMELHO1 PORTB,0 
                      00020         #DEFINE VERMELHO2 PORTB,3
                      00021         #DEFINE AMARELO1 PORTB,1
                      00022         #DEFINE AMARELO2 PORTB,4
                      00023         #DEFINE VERDE1 PORTB,2
                      00024         #DEFINE VERDE2 PORTB,5                  
                      00025         
                      00026         ORG     0x00            ;ENDEREÇO INICIAL DE PROCESSAMENTO
0000   2???           00027         GOTO    INICIO
                      00028                 
0001                  00029 INICIO
0001   0185           00030         CLRF PORTA;LIMPA O PORTA
0002   0186           00031         CLRF PORTB;LIMPA O PORTB
0003   1683           00032         BANK1;ALTERA PARA O BANCO 1
0004   3004           00033         MOVLW B'00000100'
Message[302]: Register in operand not in bank 0.  Ensure that bank bits are correct.
0005   0085           00034         MOVWF TRISA;DEFINE RA1 COMO ENTRADA E DEMAIS COMO SAÍDAS
0006   3000           00035         MOVLW B'00000000'
Message[302]: Register in operand not in bank 0.  Ensure that bank bits are correct.
0007   0086           00036         MOVWF TRISB;DEFINE TODO O PORTB COMO SAÍDA
0008   3000           00037         MOVLW B'00000000'
0009   008B           00038         MOVWF INTCON;TODAS AS INTERRUPÇÕES DESLIGADAS
000A   1283           00039         BANK0;RETORNA PARA O BANCO 0
000B   3007           00040         MOVLW B'00000111'
000C   009F           00041         MOVWF CMCON;
000D                  00042 REPETE
000D   1686           00043         BSF  VERDE2               ;ACENDE UM LED VERDE
000E   2???           00044         CALL ATRASO       ;Vai para ATRASO
MPASM  5.35                         FINAL.ASM   11-22-2019  14:21:54         PAGE  2


LOC  OBJECT CODE     LINE SOURCE TEXT
  VALUE

000F   1286           00045         BCF  VERDE2               ;DESLIGA O LED VERDE ACESO
                      00046         
0010   1486           00047         BSF  AMARELO1     ;ACENDE UM LED AMARELO
0011   2???           00048         CALL ATRASO       ;Vai para ATRASO
0012   1086           00049         BCF  AMARELO1     ;DESLIGA O LED AMARELO ACESO
                      00050 
0013   1506           00051         BSF  VERDE1               ;ACENDE UM LED VERDE
0014   2???           00052         CALL ATRASO       ;Vai para ATRASO
0015   1106           00053         BCF  VERDE1               ;DESLIGA O LED VERDE ACESO    
                      00054 
0016   1586           00055         BSF  VERMELHO2    ;ACENDE UM LED VERMELHO
0017   2???           00056         CALL ATRASO       ;Vai para ATRASO
0018   1186           00057         BCF  VERMELHO2    ;DESLIGA O LED VERMELHO ACESO
                      00058 
0019   1686           00059         BSF  VERDE2       ;ACENDE UM LED VERDE
001A   2???           00060         CALL ATRASO       ;Vai para ATRASO
001B   1286           00061         BCF  VERDE2       ;DESLIGA O LED VERDE ACESO 
                      00062 
001C   1406           00063         BSF  VERMELHO1    ;ACENDE UM LED VERMELHO
001D   2???           00064         CALL ATRASO       ;Vai para ATRASO
001E   1006           00065         BCF  VERMELHO1    ;DESLIGA O LED VERMELHO ACESO
                      00066 
001F   1486           00067         BSF  AMARELO1     ;ACENDE UM LED AMARELO
0020   2???           00068         CALL ATRASO       ;Vai para ATRASO
0021   1086           00069         BCF  AMARELO1     ;DESLIGA O LED AMARELO ACESO
                      00070 
0022   1586           00071         BSF  VERMELHO2    ;ACENDE UM LED VERMELHO
0023   2???           00072         CALL ATRASO       ;Vai para ATRASO
0024   1186           00073         BCF  VERMELHO2    ;DESLIGA O LED VERMELHO ACESO
                      00074 
0025   1606           00075         BSF  AMARELO2     ;ACENDE UM LED AMARELO
0026   2???           00076         CALL ATRASO       ;Vai para ATRASO
0027   1206           00077         BCF  AMARELO2     ;DESLIGA O LED AMARELO ACESO
                      00078 
0028   1686           00079         BSF  VERDE2       ;ACENDE UM LED VERDE
0029   2???           00080         CALL ATRASO       ;Vai para ATRASO
002A   1286           00081         BCF  VERDE2       ;DESLIGA O LED VERDE ACESO
                      00082 
002B   1486           00083         BSF  AMARELO1     ;ACENDE UM LED AMARELO
002C   2???           00084         CALL ATRASO       ;Vai para ATRASO
002D   1086           00085         BCF  AMARELO1     ;DESLIGA O LED AMARELO ACESO
                      00086 
002E   1406           00087         BSF  VERMELHO1    ;ACENDE UM LED VERMELHO
002F   2???           00088         CALL ATRASO       ;Vai para ATRASO
0030   1006           00089         BCF  VERMELHO1    ;DESLIGA O LED VERMELHO ACESO
                      00090 
0031   1486           00091         BSF  AMARELO1     ;ACENDE UM LED AMARELO
0032   2???           00092         CALL ATRASO       ;Vai para ATRASO
0033   1086           00093         BCF  AMARELO1     ;DESLIGA O LED AMARELO ACESO
                      00094 
0034   1506           00095         BSF  VERDE1       ;ACENDE UM LED VERDE
0035   2???           00096         CALL ATRASO       ;Vai para ATRASO
0036   1106           00097         BCF  VERDE1       ;DESLIGA O LED VERDE ACESO
MPASM  5.35                         FINAL.ASM   11-22-2019  14:21:54         PAGE  3


LOC  OBJECT CODE     LINE SOURCE TEXT
  VALUE

                      00098 
0037   1586           00099         BSF  VERMELHO2    ;ACENDE UM LED VERMELHO
0038   2???           00100         CALL ATRASO       ;Vai para ATRASO
0039   1186           00101         BCF  VERMELHO2    ;DESLIGA O LED VERMELHO ACESO
                      00102 
003A   1486           00103         BSF  AMARELO1     ;ACENDE UM LED AMARELO
003B   2???           00104         CALL ATRASO       ;Vai para ATRASO
003C   1086           00105         BCF  AMARELO1     ;DESLIGA O LED AMARELO ACESO
                      00106 
003D   1506           00107         BSF  VERDE1       ;ACENDE UM LED VERDE
003E   2???           00108         CALL ATRASO       ;Vai para ATRASO
003F   1106           00109         BCF  VERDE1       ;DESLIGA O LED VERDE ACESO
                      00110 
0040   1586           00111         BSF  VERMELHO2    ;ACENDE UM LED VERMELHO
0041   2???           00112         CALL ATRASO       ;Vai para ATRASO
0042   1186           00113         BCF  VERMELHO2    ;DESLIGA O LED VERMELHO ACESO
                      00114 
0043   1686           00115         BSF  VERDE2       ;ACENDE UM LED VERDE
0044   2???           00116         CALL ATRASO       ;Vai para ATRASO
0045   1286           00117         BCF  VERDE2       ;DESLIGA O LED VERDE ACESO
                      00118 
0046   1606           00119         BSF  AMARELO2     ;ACENDE UM LED AMARELO
0047   2???           00120         CALL ATRASO       ;Vai para ATRASO
0048   1206           00121         BCF  AMARELO2     ;DESLIGA O LED AMARELO ACESO
                      00122         
0049   1586           00123         BSF  VERMELHO2    ;ACENDE UM LED VERMELHO
004A   2???           00124         CALL ATRASO       ;Vai para ATRASO
004B   1186           00125         BCF  VERMELHO2    ;DESLIGA O LED VERMELHO ACESO
                      00126         
                      00127         
004C   1506           00128         BSF  VERDE1       ;ACENDE UM LED VERDE
004D   2???           00129         CALL ATRASO       ;Vai para ATRASO
004E   1106           00130         BCF  VERDE1       ;DESLIGA O LED VERDE ACESO
                      00131         
004F   1406           00132         BSF  VERMELHO1    ;ACENDE UM LED VERMELHO
0050   2???           00133         CALL ATRASO       ;Vai para ATRASO
0051   1006           00134         BCF  VERMELHO1    ;DESLIGA O LED VERMELHO ACESO
                      00135 
0052   1486           00136         BSF  AMARELO1     ;ACENDE UM LED AMARELO
0053   2???           00137         CALL ATRASO       ;Vai para ATRASO
0054   1086           00138         BCF  AMARELO1     ;DESLIGA O LED AMARELO ACESO
                      00139 
0055   1506           00140         BSF  VERDE1       ;ACENDE UM LED VERDE
0056   2???           00141         CALL ATRASO       ;Vai para ATRASO
0057   1106           00142         BCF  VERDE1       ;DESLIGA O LED VERDE ACESO
                      00143 
0058   1586           00144         BSF  VERMELHO2    ;ACENDE UM LED VERMELHO
0059   2???           00145         CALL ATRASO       ;Vai para ATRASO
005A   1186           00146         BCF  VERMELHO2    ;DESLIGA O LED VERMELHO ACESO
                      00147 
005B   1486           00148         BSF  AMARELO1     ;ACENDE UM LED AMARELO
005C   2???           00149         CALL ATRASO       ;Vai para ATRASO
005D   1086           00150         BCF  AMARELO1     ;DESLIGA O LED AMARELO ACESO
MPASM  5.35                         FINAL.ASM   11-22-2019  14:21:54         PAGE  4


LOC  OBJECT CODE     LINE SOURCE TEXT
  VALUE

                      00151 
005E   1686           00152         BSF  VERDE2               ;ACENDE UM LED VERDE
005F   2???           00153         CALL ATRASO       ;Vai para ATRASO
0060   1286           00154         BCF  VERDE2               ;DESLIGA O LED VERDE ACESO
                      00155         
0061   1486           00156         BSF  AMARELO1     ;ACENDE UM LED AMARELO
0062   2???           00157         CALL ATRASO       ;Vai para ATRASO
0063   1086           00158         BCF  AMARELO1     ;DESLIGA O LED AMARELO ACESO
                      00159 
0064   1506           00160         BSF  VERDE1               ;ACENDE UM LED VERDE
0065   2???           00161         CALL ATRASO       ;Vai para ATRASO
0066   1106           00162         BCF  VERDE1               ;DESLIGA O LED VERDE ACESO    
                      00163 
0067   1586           00164         BSF  VERMELHO2    ;ACENDE UM LED VERMELHO
0068   2???           00165         CALL ATRASO       ;Vai para ATRASO
0069   1186           00166         BCF  VERMELHO2    ;DESLIGA O LED VERMELHO ACESO
                      00167 
006A   1686           00168         BSF  VERDE2       ;ACENDE UM LED VERDE
006B   2???           00169         CALL ATRASO       ;Vai para ATRASO
006C   1286           00170         BCF  VERDE2       ;DESLIGA O LED VERDE ACESO 
                      00171 
006D   1406           00172         BSF  VERMELHO1    ;ACENDE UM LED VERMELHO
006E   2???           00173         CALL ATRASO       ;Vai para ATRASO
006F   1006           00174         BCF  VERMELHO1    ;DESLIGA O LED VERMELHO ACESO
                      00175 
0070   2???           00176         GOTO REPETE       ;Volta para inicio
                      00177                         
0071                  00178 ATRASO  ;GERA O ATRASO ENTRE OS LEDS
0071   3020           00179         MOVLW 32     ;32 EASY,16 HARD,8 VERY HARD,1 IMPOSSIBLE
0072   00A0           00180         MOVWF CONTADOR1
0073                  00181 ATRASO1
0073   2???           00182         CALL BTN_ATR     ;CHAMA O ATRASO DE VERIFICAÇÃO DO BOTÃO
0074   1D05           00183         BTFSS  BTN       ;SE O BOTAO ESTA PRESSINADO EXECUTA A PROXIMA LINHA CASO COTRÁRIO PULA A PROXIM
                            A LINHA
0075   2???           00184         CALL   BTN_PRESS ;CHAMA A FUNÇÃO QUE ANALISA SE O BOTÃO FOI PRESSIONADO NO MOMENTO CERTO
Message[305]: Using default destination of 1 (file).
0076   0BA0           00185         DECFSZ CONTADOR1 ;FAZ O LOOP DE REPETIÇÃO DO ATRASO
0077   2???           00186         GOTO   ATRASO1   ;FAZ O LOOP DE REPETIÇÃO DO ATRASO
0078   0008           00187         RETURN           ;RETORNA PARA INICIO
                      00188 
0079                  00189 BTN_ATR              ;GERA O ATRASO DE VERIFICAÇÃO DO BOTÃO
0079   30FF           00190         MOVLW 255                       
007A   00A3           00191         MOVWF CONTADOR4
007B   3028           00192         MOVLW 40
007C   00A4           00193         MOVWF CONTADOR5
007D                  00194 BTN_ATR_1
Message[305]: Using default destination of 1 (file).
007D   0BA3           00195         DECFSZ CONTADOR4
007E   2???           00196         GOTO   BTN_ATR_1
007F   0000           00197         NOP
0080   0000           00198         NOP
0081   0000           00199         NOP
0082   0000           00200         NOP
MPASM  5.35                         FINAL.ASM   11-22-2019  14:21:54         PAGE  5


LOC  OBJECT CODE     LINE SOURCE TEXT
  VALUE

0083   0000           00201         NOP
0084   0000           00202         NOP
0085   0000           00203         NOP
0086   0000           00204         NOP
0087   0000           00205         NOP
0088   0000           00206         NOP
0089   0000           00207         NOP
Message[305]: Using default destination of 1 (file).
008A   0BA4           00208         DECFSZ CONTADOR5
008B   2???           00209         GOTO   BTN_ATR_1
008C   0000           00210         NOP
008D   0000           00211         NOP
008E   0000           00212         NOP
008F   0000           00213         NOP
0090   0000           00214         NOP
0091   0000           00215         NOP
0092   0000           00216         NOP
0093   0000           00217         NOP
0094   0000           00218         NOP
0095   0000           00219         NOP
0096   0008           00220         RETURN ;RETORNA PARA ATRASO 
                      00221         
0097                  00222 BTN_PRESS   ;VERIFICA SE O BOTÃO FOI PRESSIONADO NO MOMENTO CERTO
0097   1806           00223         BTFSC   VERMELHO1 ;SE O LED VERMELHO1 ESTÁ APAGADO PULA A PROXIMA LINHA
0098   2???           00224         GOTO    FIMCLEAR  ;VAI PARA A RESPOSTA DE 'acertou' DO JOGO
0099   1986           00225         BTFSC   VERMELHO2 ;SE O LED VERMELHO2 ESTÁ APAGADO PULA A PROXIMA LINHA
009A   2???           00226         GOTO    FIMCLEAR  ;VAI PARA A RESPOSTA DE 'acertou' DO JOGO
009B   2???           00227         GOTO    ERRROW    ;VAI PARA A RESPOSTA DE 'errou' DO JOGO
009C                  00228 VOLTA
009C   0008           00229         RETURN  ;VOLTA PARA ATRASO
009D                  00230 FIMCLEAR ;GERA A RESPOSTA DE ACERTOU DO JOGO
009D   1406           00231         BSF  VERMELHO1
009E   1586           00232         BSF  VERMELHO2
009F   1486           00233         BSF  AMARELO1
00A0   1606           00234         BSF  AMARELO2
00A1   1506           00235         BSF  VERDE1
00A2   1686           00236         BSF  VERDE2
                      00237         ;ACENDE TODOS OS LEDS
00A3   2???           00238         CALL FIMCLEAR_ATRASO ;ESPERA UM TEMPO DE VISUALIZAÇÃO DA RESPOSTA
00A4   0185           00239         CLRF PORTA;LIMPA O PORTA
00A5   0186           00240         CLRF PORTB;LIMPA O PORTB
00A6   2???           00241         GOTO VOLTA;VOLTA PARA BTN_PRESS
00A7                  00242 FIMCLEAR_ATRASO ;GERA O TEMPO DE VISUALIZAÇÃO DA RESPOSTA
00A7   30FF           00243         MOVLW 255
00A8   00A1           00244         MOVWF CONTADOR2
00A9   30FF           00245         MOVLW 255
00AA   00A2           00246         MOVWF CONTADOR3
00AB                  00247 FIMCLEAR_ATRASO_1
Message[305]: Using default destination of 1 (file).
00AB   0BA1           00248         DECFSZ CONTADOR2
00AC   2???           00249         GOTO FIMCLEAR_ATRASO_1
Message[305]: Using default destination of 1 (file).
00AD   0BA2           00250         DECFSZ CONTADOR3
MPASM  5.35                         FINAL.ASM   11-22-2019  14:21:54         PAGE  6


LOC  OBJECT CODE     LINE SOURCE TEXT
  VALUE

00AE   2???           00251         GOTO FIMCLEAR_ATRASO_1
00AF   0008           00252         RETURN
00B0                  00253 ERRROW  ;GERA A RESPOSTA DE ERROU DO JOGO
00B0   1406           00254         BSF  VERMELHO1
00B1   1586           00255         BSF  VERMELHO2
                      00256         ;ACENDE OS LEDS VERMELHOS
00B2   2???           00257         CALL ERRROW_ATRASO;ESPERA UM TEMPO DE VISUALIZAÇÃO DA RESPOSTA
00B3   0185           00258         CLRF PORTA;LIMPA O PORTA
00B4   0186           00259         CLRF PORTB;LIMPA O PORTB
00B5   2???           00260         GOTO VOLTA
00B6                  00261 ERRROW_ATRASO  ;GERA O TEMPO DE VISUALIZAÇÃO DA RESPOSTA
00B6   30FF           00262         MOVLW 255
00B7   00A1           00263         MOVWF CONTADOR2
00B8   30FF           00264         MOVLW 255
00B9   00A2           00265         MOVWF CONTADOR3
00BA                  00266 ERRROW_ATRASO_1
Message[305]: Using default destination of 1 (file).
00BA   0BA1           00267         DECFSZ CONTADOR2
00BB   2???           00268         GOTO ERRROW_ATRASO_1
Message[305]: Using default destination of 1 (file).
00BC   0BA2           00269         DECFSZ CONTADOR3
00BD   2???           00270         GOTO ERRROW_ATRASO_1
00BE   0008           00271         RETURN
Warning[205]: Found directive in column 1. (END)
3F10                  00272 END
MPASM  5.35                         FINAL.ASM   11-22-2019  14:21:54         PAGE  7


SYMBOL TABLE
  LABEL                             VALUE 

ADEN                              00000003
AMARELO1                          PORTB,1
AMARELO2                          PORTB,4
ATRASO                            00000071
ATRASO1                           00000073
BANK0                             BCF STATUS,RP0
BANK1                             BSF STATUS,RP0
BRGH                              00000002
BTN                               PORTA,2
BTN_ATR                           00000079
BTN_ATR_1                         0000007D
BTN_PRESS                         00000097
C                                 00000000
C1INV                             00000004
C1OUT                             00000006
C2INV                             00000005
C2OUT                             00000007
CCP1CON                           00000017
CCP1IE                            00000002
CCP1IF                            00000002
CCP1M0                            00000000
CCP1M1                            00000001
CCP1M2                            00000002
CCP1M3                            00000003
CCP1X                             00000005
CCP1Y                             00000004
CCPR1H                            00000016
CCPR1L                            00000015
CIS                               00000003
CM0                               00000000
CM1                               00000001
CM2                               00000002
CMCON                             0000001F
CMIE                              00000006
CMIF                              00000006
CONTADOR1                         00000020
CONTADOR2                         00000021
CONTADOR3                         00000022
CONTADOR4                         00000023
CONTADOR5                         00000024
CREN                              00000004
CSRC                              00000007
DC                                00000001
EEADR                             0000009B
EECON1                            0000009C
EECON2                            0000009D
EEDATA                            0000009A
EEIE                              00000007
EEIF                              00000007
ERRROW                            000000B0
ERRROW_ATRASO                     000000B6
ERRROW_ATRASO_1                   000000BA
F                                 00000001
MPASM  5.35                         FINAL.ASM   11-22-2019  14:21:54         PAGE  8


SYMBOL TABLE
  LABEL                             VALUE 

FERR                              00000002
FIMCLEAR                          0000009D
FIMCLEAR_ATRASO                   000000A7
FIMCLEAR_ATRASO_1                 000000AB
FSR                               00000004
GIE                               00000007
INDF                              00000000
INICIO                            00000001
INTCON                            0000000B
INTE                              00000004
INTEDG                            00000006
INTF                              00000001
IRP                               00000007
NOT_BO                            00000000
NOT_BOD                           00000000
NOT_BOR                           00000000
NOT_PD                            00000003
NOT_POR                           00000001
NOT_RBPU                          00000007
NOT_T1SYNC                        00000002
NOT_TO                            00000004
OERR                              00000001
OPTION_REG                        00000081
OSCF                              00000003
PCL                               00000002
PCLATH                            0000000A
PCON                              0000008E
PEIE                              00000006
PIE1                              0000008C
PIR1                              0000000C
PORTA                             00000005
PORTB                             00000006
PR2                               00000092
PS0                               00000000
PS1                               00000001
PS2                               00000002
PSA                               00000003
RBIE                              00000003
RBIF                              00000000
RCIE                              00000005
RCIF                              00000005
RCREG                             0000001A
RCSTA                             00000018
RD                                00000000
REPETE                            0000000D
RP0                               00000005
RP1                               00000006
RX9                               00000006
RX9D                              00000000
SPBRG                             00000099
SPEN                              00000007
SREN                              00000005
STATUS                            00000003
MPASM  5.35                         FINAL.ASM   11-22-2019  14:21:54         PAGE  9


SYMBOL TABLE
  LABEL                             VALUE 

SYNC                              00000004
T0CS                              00000005
T0IE                              00000005
T0IF                              00000002
T0SE                              00000004
T1CKPS0                           00000004
T1CKPS1                           00000005
T1CON                             00000010
T1OSCEN                           00000003
T2CKPS0                           00000000
T2CKPS1                           00000001
T2CON                             00000012
TMR0                              00000001
TMR1CS                            00000001
TMR1H                             0000000F
TMR1IE                            00000000
TMR1IF                            00000000
TMR1L                             0000000E
TMR1ON                            00000000
TMR2                              00000011
TMR2IE                            00000001
TMR2IF                            00000001
TMR2ON                            00000002
TOUTPS0                           00000003
TOUTPS1                           00000004
TOUTPS2                           00000005
TOUTPS3                           00000006
TRISA                             00000085
TRISB                             00000086
TRMT                              00000001
TX9                               00000006
TX9D                              00000000
TXEN                              00000005
TXIE                              00000004
TXIF                              00000004
TXREG                             00000019
TXSTA                             00000098
VERDE1                            PORTB,2
VERDE2                            PORTB,5
VERMELHO1                         PORTB,0
VERMELHO2                         PORTB,3
VOLTA                             0000009C
VR0                               00000000
VR1                               00000001
VR2                               00000002
VR3                               00000003
VRCON                             0000009F
VREN                              00000007
VROE                              00000006
VRR                               00000005
W                                 00000000
WR                                00000001
WREN                              00000002
MPASM  5.35                         FINAL.ASM   11-22-2019  14:21:54         PAGE 10


SYMBOL TABLE
  LABEL                             VALUE 

WRERR                             00000003
Z                                 00000002
_BODEN_OFF                        00003FBF
_BODEN_ON                         00003FFF
_BOREN_OFF                        00003FBF
_BOREN_ON                         00003FFF
_CP_OFF                           00003FFF
_CP_ON                            00001FFF
_DATA_CP_OFF                      00003FFF
_DATA_CP_ON                       00003EFF
_ER_OSC_CLKOUT                    00003FFF
_ER_OSC_NOCLKOUT                  00003FFE
_EXTCLK_OSC                       00003FEF
_HS_OSC                           00003FEE
_INTOSC_OSC_CLKOUT                00003FFD
_INTOSC_OSC_NOCLKOUT              00003FFC
_INTRC_OSC_CLKOUT                 00003FFD
_INTRC_OSC_NOCLKOUT               00003FFC
_LP_OSC                           00003FEC
_LVP_OFF                          00003F7F
_LVP_ON                           00003FFF
_MCLRE_OFF                        00003FDF
_MCLRE_ON                         00003FFF
_PWRTE_OFF                        00003FFF
_PWRTE_ON                         00003FF7
_RC_OSC_CLKOUT                    00003FFF
_RC_OSC_NOCLKOUT                  00003FFE
_WDT_OFF                          00003FFB
_WDT_ON                           00003FFF
_XT_OSC                           00003FED
__16F628A                         00000001
__DEBUG                           1

Errors   :     0
Warnings :     3 reported,     0 suppressed
Messages :     9 reported,     0 suppressed

