MPLINK 4.35, Linker
Linker Map File - Created Tue Nov 26 14:34:19 2019

                                 Section Info
                  Section       Type    Address   Location Size(Bytes)
                ---------  ---------  ---------  ---------  ---------
                   .org_0       code   0x000000    program   0x00017e
                   .cinit    romdata   0x0000bf    program   0x000004
     .config_2007_FINAL.O       code   0x002007    program   0x000002



                              Program Memory Usage 
                               Start         End      
                           ---------   ---------      
                            0x000000    0x0000c0      
                            0x002007    0x002007      
            194 out of 2183 program addresses used, program memory utilization is 8%



                              Symbols - Sorted by Name
                     Name    Address   Location    Storage File                     
                ---------  ---------  ---------  --------- ---------                
                   ATRASO   0x000071    program     static C:\Users\465896\Downloads\Trabalho_Final-Laboratorio_de_Arquitetura_de_Computadores_e_Arquitetura_de_Computadores_II-master\Trabalho_Final-Laboratorio_de_Arquitetura_de_Computadores_e_Arquitetura_de_Computadores_II-master\Final.asm
                  ATRASO1   0x000073    program     static C:\Users\465896\Downloads\Trabalho_Final-Laboratorio_de_Arquitetura_de_Computadores_e_Arquitetura_de_Computadores_II-master\Trabalho_Final-Laboratorio_de_Arquitetura_de_Computadores_e_Arquitetura_de_Computadores_II-master\Final.asm
                  BTN_ATR   0x000079    program     static C:\Users\465896\Downloads\Trabalho_Final-Laboratorio_de_Arquitetura_de_Computadores_e_Arquitetura_de_Computadores_II-master\Trabalho_Final-Laboratorio_de_Arquitetura_de_Computadores_e_Arquitetura_de_Computadores_II-master\Final.asm
                BTN_ATR_1   0x00007d    program     static C:\Users\465896\Downloads\Trabalho_Final-Laboratorio_de_Arquitetura_de_Computadores_e_Arquitetura_de_Computadores_II-master\Trabalho_Final-Laboratorio_de_Arquitetura_de_Computadores_e_Arquitetura_de_Computadores_II-master\Final.asm
                BTN_PRESS   0x000097    program     static C:\Users\465896\Downloads\Trabalho_Final-Laboratorio_de_Arquitetura_de_Computadores_e_Arquitetura_de_Computadores_II-master\Trabalho_Final-Laboratorio_de_Arquitetura_de_Computadores_e_Arquitetura_de_Computadores_II-master\Final.asm
                   ERRROW   0x0000b0    program     static C:\Users\465896\Downloads\Trabalho_Final-Laboratorio_de_Arquitetura_de_Computadores_e_Arquitetura_de_Computadores_II-master\Trabalho_Final-Laboratorio_de_Arquitetura_de_Computadores_e_Arquitetura_de_Computadores_II-master\Final.asm
            ERRROW_ATRASO   0x0000b6    program     static C:\Users\465896\Downloads\Trabalho_Final-Laboratorio_de_Arquitetura_de_Computadores_e_Arquitetura_de_Computadores_II-master\Trabalho_Final-Laboratorio_de_Arquitetura_de_Computadores_e_Arquitetura_de_Computadores_II-master\Final.asm
          ERRROW_ATRASO_1   0x0000ba    program     static C:\Users\465896\Downloads\Trabalho_Final-Laboratorio_de_Arquitetura_de_Computadores_e_Arquitetura_de_Computadores_II-master\Trabalho_Final-Laboratorio_de_Arquitetura_de_Computadores_e_Arquitetura_de_Computadores_II-master\Final.asm
                 FIMCLEAR   0x00009d    program     static C:\Users\465896\Downloads\Trabalho_Final-Laboratorio_de_Arquitetura_de_Computadores_e_Arquitetura_de_Computadores_II-master\Trabalho_Final-Laboratorio_de_Arquitetura_de_Computadores_e_Arquitetura_de_Computadores_II-master\Final.asm
          FIMCLEAR_ATRASO   0x0000a7    program     static C:\Users\465896\Downloads\Trabalho_Final-Laboratorio_de_Arquitetura_de_Computadores_e_Arquitetura_de_Computadores_II-master\Trabalho_Final-Laboratorio_de_Arquitetura_de_Computadores_e_Arquitetura_de_Computadores_II-master\Final.asm
        FIMCLEAR_ATRASO_1   0x0000ab    program     static C:\Users\465896\Downloads\Trabalho_Final-Laboratorio_de_Arquitetura_de_Computadores_e_Arquitetura_de_Computadores_II-master\Trabalho_Final-Laboratorio_de_Arquitetura_de_Computadores_e_Arquitetura_de_Computadores_II-master\Final.asm
                   INICIO   0x000001    program     static C:\Users\465896\Downloads\Trabalho_Final-Laboratorio_de_Arquitetura_de_Computadores_e_Arquitetura_de_Computadores_II-master\Trabalho_Final-Laboratorio_de_Arquitetura_de_Computadores_e_Arquitetura_de_Computadores_II-master\Final.asm
                   REPETE   0x00000d    program     static C:\Users\465896\Downloads\Trabalho_Final-Laboratorio_de_Arquitetura_de_Computadores_e_Arquitetura_de_Computadores_II-master\Trabalho_Final-Laboratorio_de_Arquitetura_de_Computadores_e_Arquitetura_de_Computadores_II-master\Final.asm
                    VOLTA   0x00009c    program     static C:\Users\465896\Downloads\Trabalho_Final-Laboratorio_de_Arquitetura_de_Computadores_e_Arquitetura_de_Computadores_II-master\Trabalho_Final-Laboratorio_de_Arquitetura_de_Computadores_e_Arquitetura_de_Computadores_II-master\Final.asm



                              Symbols - Sorted by Address
                     Name    Address   Location    Storage File                     
                ---------  ---------  ---------  --------- ---------                
                   INICIO   0x000001    program     static C:\Users\465896\Downloads\Trabalho_Final-Laboratorio_de_Arquitetura_de_Computadores_e_Arquitetura_de_Computadores_II-master\Trabalho_Final-Laboratorio_de_Arquitetura_de_Computadores_e_Arquitetura_de_Computadores_II-master\Final.asm
                   REPETE   0x00000d    program     static C:\Users\465896\Downloads\Trabalho_Final-Laboratorio_de_Arquitetura_de_Computadores_e_Arquitetura_de_Computadores_II-master\Trabalho_Final-Laboratorio_de_Arquitetura_de_Computadores_e_Arquitetura_de_Computadores_II-master\Final.asm
                   ATRASO   0x000071    program     static C:\Users\465896\Downloads\Trabalho_Final-Laboratorio_de_Arquitetura_de_Computadores_e_Arquitetura_de_Computadores_II-master\Trabalho_Final-Laboratorio_de_Arquitetura_de_Computadores_e_Arquitetura_de_Computadores_II-master\Final.asm
                  ATRASO1   0x000073    program     static C:\Users\465896\Downloads\Trabalho_Final-Laboratorio_de_Arquitetura_de_Computadores_e_Arquitetura_de_Computadores_II-master\Trabalho_Final-Laboratorio_de_Arquitetura_de_Computadores_e_Arquitetura_de_Computadores_II-master\Final.asm
                  BTN_ATR   0x000079    program     static C:\Users\465896\Downloads\Trabalho_Final-Laboratorio_de_Arquitetura_de_Computadores_e_Arquitetura_de_Computadores_II-master\Trabalho_Final-Laboratorio_de_Arquitetura_de_Computadores_e_Arquitetura_de_Computadores_II-master\Final.asm
                BTN_ATR_1   0x00007d    program     static C:\Users\465896\Downloads\Trabalho_Final-Laboratorio_de_Arquitetura_de_Computadores_e_Arquitetura_de_Computadores_II-master\Trabalho_Final-Laboratorio_de_Arquitetura_de_Computadores_e_Arquitetura_de_Computadores_II-master\Final.asm
                BTN_PRESS   0x000097    program     static C:\Users\465896\Downloads\Trabalho_Final-Laboratorio_de_Arquitetura_de_Computadores_e_Arquitetura_de_Computadores_II-master\Trabalho_Final-Laboratorio_de_Arquitetura_de_Computadores_e_Arquitetura_de_Computadores_II-master\Final.asm
                    VOLTA   0x00009c    program     static C:\Users\465896\Downloads\Trabalho_Final-Laboratorio_de_Arquitetura_de_Computadores_e_Arquitetura_de_Computadores_II-master\Trabalho_Final-Laboratorio_de_Arquitetura_de_Computadores_e_Arquitetura_de_Computadores_II-master\Final.asm
                 FIMCLEAR   0x00009d    program     static C:\Users\465896\Downloads\Trabalho_Final-Laboratorio_de_Arquitetura_de_Computadores_e_Arquitetura_de_Computadores_II-master\Trabalho_Final-Laboratorio_de_Arquitetura_de_Computadores_e_Arquitetura_de_Computadores_II-master\Final.asm
          FIMCLEAR_ATRASO   0x0000a7    program     static C:\Users\465896\Downloads\Trabalho_Final-Laboratorio_de_Arquitetura_de_Computadores_e_Arquitetura_de_Computadores_II-master\Trabalho_Final-Laboratorio_de_Arquitetura_de_Computadores_e_Arquitetura_de_Computadores_II-master\Final.asm
        FIMCLEAR_ATRASO_1   0x0000ab    program     static C:\Users\465896\Downloads\Trabalho_Final-Laboratorio_de_Arquitetura_de_Computadores_e_Arquitetura_de_Computadores_II-master\Trabalho_Final-Laboratorio_de_Arquitetura_de_Computadores_e_Arquitetura_de_Computadores_II-master\Final.asm
                   ERRROW   0x0000b0    program     static C:\Users\465896\Downloads\Trabalho_Final-Laboratorio_de_Arquitetura_de_Computadores_e_Arquitetura_de_Computadores_II-master\Trabalho_Final-Laboratorio_de_Arquitetura_de_Computadores_e_Arquitetura_de_Computadores_II-master\Final.asm
            ERRROW_ATRASO   0x0000b6    program     static C:\Users\465896\Downloads\Trabalho_Final-Laboratorio_de_Arquitetura_de_Computadores_e_Arquitetura_de_Computadores_II-master\Trabalho_Final-Laboratorio_de_Arquitetura_de_Computadores_e_Arquitetura_de_Computadores_II-master\Final.asm
          ERRROW_ATRASO_1   0x0000ba    program     static C:\Users\465896\Downloads\Trabalho_Final-Laboratorio_de_Arquitetura_de_Computadores_e_Arquitetura_de_Computadores_II-master\Trabalho_Final-Laboratorio_de_Arquitetura_de_Computadores_e_Arquitetura_de_Computadores_II-master\Final.asm


